// Jest Snapshot v1, https://goo.gl/fbAQLP

exports[`components AccountMenu does not render if not open 1`] = `null`;

exports[`components AccountMenu renders with organization if one is given 1`] = `"<div class=\\"MuiModal-root-3\\"><div class=\\"MuiBackdrop-root-5 MuiBackdrop-invisible-6\\" aria-hidden=\\"true\\" style=\\"opacity: 1; -webkit-transition: opacity 225ms cubic-bezier(0.4, 0, 0.2, 1) 0ms;\\"></div><div class=\\"MuiPaper-root-7 MuiMenu-paper-1 MuiPaper-elevation8-17 MuiPaper-rounded-8 MuiPopover-paper-2\\" style=\\"opacity: 1; transform: scale(1, 1); top: 16px; left: 16px;\\" role=\\"document\\" tabindex=\\"-1\\"><ul class=\\"MuiList-root-34 MuiList-padding-35\\" role=\\"menu\\"><li tabindex=\\"-1\\" class=\\"MuiButtonBase-root-51 MuiButtonBase-disabled-52 MuiListItem-root-40 MuiListItem-default-43 MuiListItem-gutters-47 MuiListItem-disabled-45 MuiListItem-button-48 MuiMenuItem-root-38\\" role=\\"menuitem\\" data-cy=\\"menu-item-username\\">test@opendigital.ch</li><hr class=\\"MuiDivider-root-54\\" tabindex=\\"-1\\"><a tabindex=\\"-1\\" class=\\"MuiButtonBase-root-51 MuiListItem-root-40 MuiListItem-default-43 MuiListItem-gutters-47 MuiListItem-button-48 MuiMenuItem-root-38\\" role=\\"menuitem\\" data-cy=\\"menu-item-selected-organization\\" href=\\"/organizations/my_org\\">my_org<span class=\\"MuiTouchRipple-root-58\\"></span></a><a tabindex=\\"-1\\" class=\\"MuiButtonBase-root-51 MuiListItem-root-40 MuiListItem-default-43 MuiListItem-gutters-47 MuiListItem-button-48 MuiMenuItem-root-38\\" role=\\"menuitem\\" data-cy=\\"menu-item-selected-organization-settings\\" href=\\"/organizations/my_org/settings\\"><span>Organisationseinstellungen</span><span class=\\"MuiTouchRipple-root-58\\"></span></a><hr class=\\"MuiDivider-root-54\\" tabindex=\\"-1\\"><a tabindex=\\"-1\\" class=\\"MuiButtonBase-root-51 MuiListItem-root-40 MuiListItem-default-43 MuiListItem-gutters-47 MuiListItem-button-48 MuiMenuItem-root-38\\" role=\\"menuitem\\" data-cy=\\"menu-item-organizations\\" href=\\"/organizations\\"><span>Meine Organisationen</span><span class=\\"MuiTouchRipple-root-58\\"></span></a><li tabindex=\\"-1\\" class=\\"MuiButtonBase-root-51 MuiListItem-root-40 MuiListItem-default-43 MuiListItem-gutters-47 MuiListItem-button-48 MuiMenuItem-root-38\\" role=\\"menuitem\\" data-cy=\\"menu-item-logout\\"><span>Abmelden</span><span class=\\"MuiTouchRipple-root-58\\"></span></li></ul></div></div>"`;

exports[`components AccountMenu renders without organization if no one is given 1`] = `"<div class=\\"MuiModal-root-3\\"><div class=\\"MuiBackdrop-root-5 MuiBackdrop-invisible-6\\" aria-hidden=\\"true\\" style=\\"opacity: 1; -webkit-transition: opacity 225ms cubic-bezier(0.4, 0, 0.2, 1) 0ms;\\"></div><div class=\\"MuiPaper-root-7 MuiMenu-paper-1 MuiPaper-elevation8-17 MuiPaper-rounded-8 MuiPopover-paper-2\\" style=\\"opacity: 1; transform: scale(1, 1); top: 16px; left: 16px;\\" role=\\"document\\" tabindex=\\"-1\\"><ul class=\\"MuiList-root-34 MuiList-padding-35\\" role=\\"menu\\"><li tabindex=\\"-1\\" class=\\"MuiButtonBase-root-51 MuiButtonBase-disabled-52 MuiListItem-root-40 MuiListItem-default-43 MuiListItem-gutters-47 MuiListItem-disabled-45 MuiListItem-button-48 MuiMenuItem-root-38\\" role=\\"menuitem\\" data-cy=\\"menu-item-username\\">test@opendigital.ch</li><hr class=\\"MuiDivider-root-54\\" tabindex=\\"-1\\"><a tabindex=\\"-1\\" class=\\"MuiButtonBase-root-51 MuiListItem-root-40 MuiListItem-default-43 MuiListItem-gutters-47 MuiListItem-button-48 MuiMenuItem-root-38\\" role=\\"menuitem\\" data-cy=\\"menu-item-organizations\\" href=\\"/organizations\\"><span>Meine Organisationen</span><span class=\\"MuiTouchRipple-root-58\\"></span></a><li tabindex=\\"-1\\" class=\\"MuiButtonBase-root-51 MuiListItem-root-40 MuiListItem-default-43 MuiListItem-gutters-47 MuiListItem-button-48 MuiMenuItem-root-38\\" role=\\"menuitem\\" data-cy=\\"menu-item-logout\\"><span>Abmelden</span><span class=\\"MuiTouchRipple-root-58\\"></span></li></ul></div></div>"`;
