// Jest Snapshot v1, https://goo.gl/fbAQLP

exports[`components Header AuthInfo renders correctly 1`] = `
<div
  data-cy="username"
>
  test@example.com
</div>
`;
