// Jest Snapshot v1, https://goo.gl/fbAQLP

exports[`components OrganizationsCreateDialog renders correctly 1`] = `"<div class=\\"MuiModal-root-14 MuiDialog-root-2 MuiDialog-scrollPaper-3\\" role=\\"dialog\\" data-cy=\\"organization-create-dialog\\"><div class=\\"MuiBackdrop-root-16\\" aria-hidden=\\"true\\" style=\\"opacity: 1; -webkit-transition: opacity 225ms cubic-bezier(0.4, 0, 0.2, 1) 0ms;\\"></div><div class=\\"MuiPaper-root-18 MuiPaper-elevation24-44 MuiPaper-rounded-19 MuiDialog-paper-5 MuiDialog-paperScrollPaper-6 MuiDialog-paperWidthSm-9\\" style=\\"opacity: 1; -webkit-transition: opacity 225ms cubic-bezier(0.4, 0, 0.2, 1) 0ms;\\" role=\\"document\\" tabindex=\\"-1\\"><div class=\\"MuiDialogTitle-root-45\\"><h2 class=\\"MuiTypography-root-46 MuiTypography-title-52\\"><span>Neue Organisation erstellen</span></h2></div><form><div class=\\"MuiDialogContent-root-72\\"><p class=\\"MuiTypography-root-46 MuiDialogContentText-root-73 MuiTypography-subheading-53 MuiTypography-colorTextSecondary-70\\"><span>Trage im folgenden Feld den Namen deiner Organisation ein.</span></p><div class=\\"MuiFormControl-root-74 MuiFormControl-marginDense-76 MuiFormControl-fullWidth-77\\" data-cy=\\"name-field\\"><label class=\\"MuiFormLabel-root-85 MuiFormLabel-filled-89 MuiFormLabel-focused-86 MuiFormLabel-required-90 MuiInputLabel-root-78 MuiInputLabel-formControl-79 MuiInputLabel-animated-82 MuiInputLabel-shrink-81 MuiInputLabel-marginDense-80\\" data-shrink=\\"true\\" for=\\"name\\">Name<span class=\\"MuiFormLabel-asterisk-91\\">â€‰*</span></label><div class=\\"MuiInputBase-root-105 MuiInput-root-92 MuiInput-underline-96 MuiInputBase-fullWidth-114 MuiInput-fullWidth-99 MuiInputBase-focused-107 MuiInput-focused-94 MuiInputBase-formControl-106 MuiInput-formControl-93 MuiInputBase-marginDense-112\\"><input aria-invalid=\\"false\\" class=\\"MuiInputBase-input-115 MuiInput-input-100 MuiInputBase-inputMarginDense-116 MuiInput-inputMarginDense-101\\" id=\\"name\\" required=\\"\\" type=\\"text\\" value=\\"my_org\\"></div></div></div><div class=\\"MuiDialogActions-root-122\\"><button tabindex=\\"0\\" class=\\"MuiButtonBase-root-150 MuiButton-root-124 MuiButton-text-126 MuiButton-textPrimary-127 MuiButton-flat-129 MuiButton-flatPrimary-130 MuiDialogActions-action-123\\" type=\\"button\\"><span class=\\"MuiButton-label-125\\"><span>Abbrechen</span></span><span class=\\"MuiTouchRipple-root-153\\"></span></button><button tabindex=\\"0\\" class=\\"MuiButtonBase-root-150 MuiButton-root-124 MuiButton-text-126 MuiButton-textPrimary-127 MuiButton-flat-129 MuiButton-flatPrimary-130 MuiDialogActions-action-123\\" type=\\"submit\\" data-cy=\\"create-button\\"><span class=\\"MuiButton-label-125\\"><span>Erstellen</span></span><span class=\\"MuiTouchRipple-root-153\\"></span></button></div></form></div></div>"`;
