// Jest Snapshot v1, https://goo.gl/fbAQLP

exports[`routes organizations routes settings components RemoveUserLinkDialog renders correctly 1`] = `
"<div role=\\"presentation\\" class=\\"MuiDialog-root\\" data-cy=\\"remove-member-link-dialog\\" style=\\"position: fixed; z-index: 1300; right: 0px; bottom: 0px; top: 0px; left: 0px;\\">
  <div class=\\"MuiBackdrop-root\\" aria-hidden=\\"true\\" style=\\"opacity: 1; webkit-transition: opacity 225ms cubic-bezier(0.4, 0, 0.2, 1) 0ms; transition: opacity 225ms cubic-bezier(0.4, 0, 0.2, 1) 0ms;\\"></div>
  <div tabindex=\\"0\\" data-test=\\"sentinelStart\\"></div>
  <div class=\\"MuiDialog-container MuiDialog-scrollPaper\\" style=\\"opacity: 1; webkit-transition: opacity 225ms cubic-bezier(0.4, 0, 0.2, 1) 0ms; transition: opacity 225ms cubic-bezier(0.4, 0, 0.2, 1) 0ms;\\" role=\\"document\\" tabindex=\\"-1\\">
    <div class=\\"MuiPaper-root MuiPaper-elevation24 MuiDialog-paper MuiDialog-paperScrollPaper MuiDialog-paperWidthSm MuiPaper-rounded\\" role=\\"dialog\\">
      <div class=\\"MuiDialogTitle-root\\">
        <h2 class=\\"MuiTypography-root MuiTypography-h6\\">Benutzer-Verknüpfung entfernen</h2>
      </div>
      <div class=\\"MuiDialogContent-root\\">
        <p class=\\"MuiTypography-root MuiDialogContentText-root MuiTypography-body1 MuiTypography-colorTextSecondary\\">Bist du sicher, dass du die Benutzer-Verknüpfung entfernen möchtest? Der verknüpfte Benutzer verliert damit den Zugriff auf diese Organisation. Du kannst den Benutzer später bei Bedarf jederzeit neu in die Organisation einladen.</p>
        <div class=\\"injectIntl(RemoveUserLinkDialog)-attributesWrapper-1\\">
          <p class=\\"MuiTypography-root MuiDialogContentText-root injectIntl(RemoveUserLinkDialog)-attribute-2 MuiTypography-body1 MuiTypography-colorTextSecondary\\">Vorname:&nbsp;Max</p>
          <p class=\\"MuiTypography-root MuiDialogContentText-root injectIntl(RemoveUserLinkDialog)-attribute-2 MuiTypography-body1 MuiTypography-colorTextSecondary\\">Nachname:&nbsp;Muster</p>
          <p class=\\"MuiTypography-root MuiDialogContentText-root injectIntl(RemoveUserLinkDialog)-attribute-2 MuiTypography-body1 MuiTypography-colorTextSecondary\\">Nummer:&nbsp;23563</p>
        </div>
      </div>
      <div class=\\"MuiDialogActions-root MuiDialogActions-spacing\\"><button class=\\"MuiButtonBase-root MuiButton-root MuiButton-text\\" tabindex=\\"0\\" type=\\"button\\"><span class=\\"MuiButton-label\\">Abbrechen</span><span class=\\"MuiTouchRipple-root\\"></span></button><button class=\\"MuiButtonBase-root MuiButton-root MuiButton-contained MuiButton-containedSecondary\\" tabindex=\\"0\\" type=\\"submit\\" data-cy=\\"remove-user-link-button\\"><span class=\\"MuiButton-label\\">Benutzer-Verknüpfung entfernen</span><span class=\\"MuiTouchRipple-root\\"></span></button></div>
    </div>
  </div>
  <div tabindex=\\"0\\" data-test=\\"sentinelEnd\\"></div>
</div>"
`;
