// Jest Snapshot v1, https://goo.gl/fbAQLP

exports[`routes organizations routes aircraft components FlightDeleteDialog renders correctly 1`] = `
"<div class=\\"MuiModal-root-14 MuiDialog-root-2 MuiDialog-scrollPaper-3\\" role=\\"dialog\\" data-cy=\\"flight-delete-dialog\\">
  <div class=\\"MuiBackdrop-root-16\\" aria-hidden=\\"true\\" style=\\"opacity: 1; -webkit-transition: opacity 225ms cubic-bezier(0.4, 0, 0.2, 1) 0ms;\\"></div>
  <div class=\\"MuiPaper-root-18 MuiPaper-elevation24-44 MuiPaper-rounded-19 MuiDialog-paper-5 MuiDialog-paperScrollPaper-6 MuiDialog-paperWidthSm-9\\" style=\\"opacity: 1; -webkit-transition: opacity 225ms cubic-bezier(0.4, 0, 0.2, 1) 0ms;\\" role=\\"document\\" tabindex=\\"-1\\">
    <div class=\\"MuiDialogTitle-root-45\\">
      <h2 class=\\"MuiTypography-root-46 MuiTypography-title-52\\"><span>Flug löschen</span></h2>
    </div>
    <div class=\\"MuiDialogContent-root-72\\">
      <p class=\\"MuiTypography-root-46 MuiDialogContentText-root-73 MuiTypography-subheading-53 MuiTypography-colorTextSecondary-70\\"><span>Bist du sicher, dass du diesen Flug löschen möchtest?</span></p>
      <div class=\\"InjectIntl-FlightDeleteDialog--attributesWrapper-1\\">
        <p class=\\"MuiTypography-root-46 MuiDialogContentText-root-73 MuiTypography-subheading-53 MuiTypography-colorTextSecondary-70\\"><span>Datum</span>:&nbsp;20.11.2018</p>
        <p class=\\"MuiTypography-root-46 MuiDialogContentText-root-73 MuiTypography-subheading-53 MuiTypography-colorTextSecondary-70\\"><span>Pilot</span>:&nbsp;Max Muster</p>
        <p class=\\"MuiTypography-root-46 MuiDialogContentText-root-73 MuiTypography-subheading-53 MuiTypography-colorTextSecondary-70\\"><span>Startflugplatz</span>:&nbsp;Lommis</p>
        <p class=\\"MuiTypography-root-46 MuiDialogContentText-root-73 MuiTypography-subheading-53 MuiTypography-colorTextSecondary-70\\"><span>Zielflugplatz</span>:&nbsp;Lommis</p>
        <p class=\\"MuiTypography-root-46 MuiDialogContentText-root-73 MuiTypography-subheading-53 MuiTypography-colorTextSecondary-70\\"><span>Block off</span>:&nbsp;10:00</p>
        <p class=\\"MuiTypography-root-46 MuiDialogContentText-root-73 MuiTypography-subheading-53 MuiTypography-colorTextSecondary-70\\"><span>Block on</span>:&nbsp;11:10</p>
      </div>
    </div>
    <div class=\\"MuiDialogActions-root-74\\"><button tabindex=\\"0\\" class=\\"MuiButtonBase-root-102 MuiButton-root-76 MuiButton-text-78 MuiButton-flat-81 MuiDialogActions-action-75\\" type=\\"button\\"><span class=\\"MuiButton-label-77\\"><span>Abbrechen</span></span><span class=\\"MuiTouchRipple-root-105\\"></span></button><button tabindex=\\"0\\" class=\\"MuiButtonBase-root-102 MuiButton-root-76 MuiButton-contained-87 MuiButton-containedSecondary-89 MuiButton-raised-90 MuiButton-raisedSecondary-92 DeleteButton-button-112\\" type=\\"button\\" data-cy=\\"flight-delete-button\\"><span class=\\"MuiButton-label-77\\"><svg class=\\"MuiSvgIcon-root-114 DeleteButton-leftIcon-113\\" focusable=\\"false\\" viewBox=\\"0 0 24 24\\" aria-hidden=\\"true\\" role=\\"presentation\\"><path d=\\"M6 19c0 1.1.9 2 2 2h8c1.1 0 2-.9 2-2V7H6v12zM19 4h-3.5l-1-1h-5l-1 1H5v2h14V4z\\"></path><path fill=\\"none\\" d=\\"M0 0h24v24H0z\\"></path></svg>Flug löschen</span><span class=\\"MuiTouchRipple-root-105\\"></span></button></div>
  </div>
</div>"
`;
