// Jest Snapshot v1, https://goo.gl/fbAQLP

exports[`components App renders app if authenticated 1`] = `
Array [
  <div
    data-cy="username"
  >
    test@example.com
  </div>,
  <button
    onClick={[Function]}
  >
    <span>
      Abmelden
    </span>
  </button>,
]
`;

exports[`components App renders login form if not authenticated 1`] = `
<main
  className="LoginForm-layout-1"
>
  <form
    onSubmit={[Function]}
  >
    <div
      className="MuiFormControl-root-3 MuiFormControl-marginNormal-4 MuiFormControl-fullWidth-6"
    >
      <label
        className="MuiFormLabel-root-14 MuiFormLabel-required-19 MuiInputLabel-root-7 MuiInputLabel-formControl-8 MuiInputLabel-animated-11"
        data-shrink={false}
        htmlFor="email"
      >
        <span>
          E-Mail
        </span>
        <span
          className="MuiFormLabel-asterisk-20"
        >
           *
        </span>
      </label>
      <div
        className="MuiInputBase-root-34 MuiInput-root-21 MuiInput-underline-25 MuiInputBase-formControl-35 MuiInput-formControl-22"
        data-cy="email"
        onClick={[Function]}
      >
        <input
          aria-invalid={false}
          autoComplete="email"
          autoFocus={true}
          className="MuiInputBase-input-44 MuiInput-input-29"
          disabled={false}
          id="email"
          name="email"
          onBlur={[Function]}
          onChange={[Function]}
          onFocus={[Function]}
          required={true}
          type="text"
          value=""
        />
      </div>
    </div>
    <div
      className="MuiFormControl-root-3 MuiFormControl-marginNormal-4 MuiFormControl-fullWidth-6"
    >
      <label
        className="MuiFormLabel-root-14 MuiFormLabel-required-19 MuiInputLabel-root-7 MuiInputLabel-formControl-8 MuiInputLabel-animated-11"
        data-shrink={false}
        htmlFor="password"
      >
        <span>
          Passwort
        </span>
        <span
          className="MuiFormLabel-asterisk-20"
        >
           *
        </span>
      </label>
      <div
        className="MuiInputBase-root-34 MuiInput-root-21 MuiInput-underline-25 MuiInputBase-formControl-35 MuiInput-formControl-22"
        data-cy="password"
        onClick={[Function]}
      >
        <input
          aria-invalid={false}
          autoComplete="current-password"
          className="MuiInputBase-input-44 MuiInput-input-29 MuiInputBase-inputType-47 MuiInput-inputType-32"
          disabled={false}
          id="password"
          name="password"
          onBlur={[Function]}
          onChange={[Function]}
          onFocus={[Function]}
          required={true}
          type="password"
          value=""
        />
      </div>
    </div>
    <button
      className="MuiButtonBase-root-77 MuiButton-root-51 MuiButton-contained-62 MuiButton-containedPrimary-63 MuiButton-raised-65 MuiButton-raisedPrimary-66 MuiButton-fullWidth-76"
      data-cy="submit"
      disabled={false}
      onBlur={[Function]}
      onFocus={[Function]}
      onKeyDown={[Function]}
      onKeyUp={[Function]}
      onMouseDown={[Function]}
      onMouseLeave={[Function]}
      onMouseUp={[Function]}
      onTouchEnd={[Function]}
      onTouchMove={[Function]}
      onTouchStart={[Function]}
      tabIndex="0"
      type="submit"
    >
      <span
        className="MuiButton-label-52"
      >
        <span>
          Anmelden
        </span>
      </span>
      <span
        className="MuiTouchRipple-root-80"
      />
    </button>
  </form>
</main>
`;
