// Jest Snapshot v1, https://goo.gl/fbAQLP

exports[`routes organizations routes settings components OrganizationDeleteDialog renders correctly 1`] = `"<div class=\\"MuiModal-root-13 MuiDialog-root-1 MuiDialog-scrollPaper-2\\" role=\\"dialog\\" data-cy=\\"organization-delete-dialog\\"><div class=\\"MuiBackdrop-root-15\\" aria-hidden=\\"true\\" style=\\"opacity: 1; -webkit-transition: opacity 225ms cubic-bezier(0.4, 0, 0.2, 1) 0ms;\\"></div><div class=\\"MuiPaper-root-17 MuiPaper-elevation24-43 MuiPaper-rounded-18 MuiDialog-paper-4 MuiDialog-paperScrollPaper-5 MuiDialog-paperWidthSm-8\\" style=\\"opacity: 1; -webkit-transition: opacity 225ms cubic-bezier(0.4, 0, 0.2, 1) 0ms;\\" role=\\"document\\" tabindex=\\"-1\\"><div class=\\"MuiDialogTitle-root-44\\"><h2 class=\\"MuiTypography-root-45 MuiTypography-title-51\\"><span>Organisation löschen</span></h2></div><form><div class=\\"MuiDialogContent-root-71\\"><p class=\\"MuiTypography-root-45 MuiDialogContentText-root-72 MuiTypography-subheading-52 MuiTypography-colorTextSecondary-69\\"><span>Gib den Namen deiner Organisation ein, um die Organisation zu löschen:</span>&nbsp;<strong>my_org</strong></p><div class=\\"MuiFormControl-root-73 MuiFormControl-marginDense-75 MuiFormControl-fullWidth-76\\" data-cy=\\"organization-id-field\\"><div class=\\"MuiInputBase-root-90 MuiInput-root-77 MuiInput-underline-81 MuiInputBase-fullWidth-99 MuiInput-fullWidth-84 MuiInputBase-focused-92 MuiInput-focused-79 MuiInputBase-formControl-91 MuiInput-formControl-78 MuiInputBase-marginDense-97\\"><input aria-invalid=\\"false\\" class=\\"MuiInputBase-input-100 MuiInput-input-85 MuiInputBase-inputMarginDense-101 MuiInput-inputMarginDense-86\\" id=\\"name\\" placeholder=\\"Name\\" required=\\"\\" type=\\"text\\" value=\\"\\"></div></div></div><div class=\\"MuiDialogActions-root-107\\"><button tabindex=\\"0\\" class=\\"MuiButtonBase-root-135 MuiButton-root-109 MuiButton-text-111 MuiButton-flat-114 MuiDialogActions-action-108\\" type=\\"button\\"><span class=\\"MuiButton-label-110\\"><span>Abbrechen</span></span><span class=\\"MuiTouchRipple-root-138\\"></span></button><button tabindex=\\"-1\\" class=\\"MuiButtonBase-root-135 MuiButtonBase-disabled-136 MuiButton-root-109 MuiButton-contained-120 MuiButton-containedSecondary-122 MuiButton-raised-123 MuiButton-raisedSecondary-125 MuiButton-disabled-129 DeleteButton-button-145\\" type=\\"submit\\" disabled=\\"\\" data-cy=\\"organization-delete-button\\"><span class=\\"MuiButton-label-110\\"><svg class=\\"MuiSvgIcon-root-147 DeleteButton-leftIcon-146\\" focusable=\\"false\\" viewBox=\\"0 0 24 24\\" aria-hidden=\\"true\\" role=\\"presentation\\"><path d=\\"M6 19c0 1.1.9 2 2 2h8c1.1 0 2-.9 2-2V7H6v12zM19 4h-3.5l-1-1h-5l-1 1H5v2h14V4z\\"></path><path fill=\\"none\\" d=\\"M0 0h24v24H0z\\"></path></svg>Organisation löschen</span></button></div></form></div></div>"`;
