// Jest Snapshot v1, https://goo.gl/fbAQLP

exports[`routes organizations routes settings components OrganizationSettingsPage renders correctly 1`] = `
"<header class=\\"MuiPaper-root MuiPaper-elevation4 MuiAppBar-root MuiAppBar-positionStatic MuiAppBar-colorPrimary\\">
  <div class=\\"MuiToolbar-root MuiToolbar-regular MuiToolbar-gutters\\">
    <h6 class=\\"MuiTypography-root Header-grow-2 MuiTypography-h6 MuiTypography-colorInherit\\"><a class=\\"Header-homeLink-4\\" href=\\"/\\">Open Digital Flugreisebuch</a></h6>
    <div><button class=\\"MuiButtonBase-root MuiIconButton-root MuiIconButton-colorInherit\\" tabindex=\\"0\\" type=\\"button\\" data-cy=\\"user-button\\" aria-haspopup=\\"true\\"><span class=\\"MuiIconButton-label\\"><svg class=\\"MuiSvgIcon-root\\" focusable=\\"false\\" viewBox=\\"0 0 24 24\\" aria-hidden=\\"true\\" role=\\"presentation\\"><path d=\\"M12 2C6.48 2 2 6.48 2 12s4.48 10 10 10 10-4.48 10-10S17.52 2 12 2zm0 3c1.66 0 3 1.34 3 3s-1.34 3-3 3-3-1.34-3-3 1.34-3 3-3zm0 14.2c-2.5 0-4.71-1.28-6-3.22.03-1.99 4-3.08 6-3.08 1.99 0 5.97 1.09 6 3.08-1.29 1.94-3.5 3.22-6 3.22z\\"></path></svg></span><span class=\\"MuiTouchRipple-root\\"></span></button></div>
  </div>
</header>
<div class=\\"injectIntl(OrganizationSettings)-container-99\\">
  <h4 class=\\"MuiTypography-root MuiTypography-h4 MuiTypography-gutterBottom\\" data-cy=\\"organization-title\\">my_org</h4><button class=\\"MuiButtonBase-root MuiButton-root MuiButton-contained MuiButton-containedPrimary\\" tabindex=\\"0\\" type=\\"button\\"><span class=\\"MuiButton-label\\">Mitglied hinzufügen</span><span class=\\"MuiTouchRipple-root\\"></span></button>
  <ul class=\\"MuiList-root MuiList-padding\\">
    <li class=\\"MuiListItem-container\\">
      <div class=\\"MuiListItem-root MuiListItem-secondaryAction\\">
        <div class=\\"MuiListItemText-root MuiListItemText-multiline\\"><span class=\\"MuiTypography-root MuiListItemText-primary MuiTypography-body1\\">Muster Max</span>
          <p class=\\"MuiTypography-root MuiListItemText-secondary MuiTypography-body2 MuiTypography-colorTextSecondary\\"></p>
        </div>
      </div>
      <div class=\\"MuiListItemSecondaryAction-root\\"><button class=\\"MuiButtonBase-root MuiIconButton-root\\" tabindex=\\"0\\" type=\\"button\\"><span class=\\"MuiIconButton-label\\"><svg class=\\"MuiSvgIcon-root\\" focusable=\\"false\\" viewBox=\\"0 0 24 24\\" aria-hidden=\\"true\\" role=\\"presentation\\"><path d=\\"M6 19c0 1.1.9 2 2 2h8c1.1 0 2-.9 2-2V7H6v12zM19 4h-3.5l-1-1h-5l-1 1H5v2h14V4z\\"></path></svg></span><span class=\\"MuiTouchRipple-root\\"></span></button></div>
    </li>
    <li class=\\"MuiListItem-container\\">
      <div class=\\"MuiListItem-root MuiListItem-secondaryAction\\">
        <div class=\\"MuiListItemText-root MuiListItemText-multiline\\"><span class=\\"MuiTypography-root MuiListItemText-primary MuiTypography-body1\\">Keller Hans</span>
          <p class=\\"MuiTypography-root MuiListItemText-secondary MuiTypography-body2 MuiTypography-colorTextSecondary\\"></p>
        </div>
      </div>
      <div class=\\"MuiListItemSecondaryAction-root\\"><button class=\\"MuiButtonBase-root MuiIconButton-root\\" tabindex=\\"0\\" type=\\"button\\"><span class=\\"MuiIconButton-label\\"><svg class=\\"MuiSvgIcon-root\\" focusable=\\"false\\" viewBox=\\"0 0 24 24\\" aria-hidden=\\"true\\" role=\\"presentation\\"><path d=\\"M6 19c0 1.1.9 2 2 2h8c1.1 0 2-.9 2-2V7H6v12zM19 4h-3.5l-1-1h-5l-1 1H5v2h14V4z\\"></path></svg></span><span class=\\"MuiTouchRipple-root\\"></span></button></div>
    </li>
  </ul>
  <div class=\\"MuiTablePagination-root\\">
    <div class=\\"MuiToolbar-root MuiToolbar-regular MuiTablePagination-toolbar MuiToolbar-gutters\\">
      <div class=\\"MuiTablePagination-spacer\\"></div><span class=\\"MuiTypography-root MuiTablePagination-caption MuiTypography-caption MuiTypography-colorInherit\\">1-2 of 2</span>
      <div class=\\"MuiTablePagination-actions\\"><button class=\\"MuiButtonBase-root MuiIconButton-root MuiIconButton-colorInherit Mui-disabled Mui-disabled\\" tabindex=\\"-1\\" type=\\"button\\" disabled=\\"\\"><span class=\\"MuiIconButton-label\\"><svg class=\\"MuiSvgIcon-root\\" focusable=\\"false\\" viewBox=\\"0 0 24 24\\" aria-hidden=\\"true\\" role=\\"presentation\\"><path d=\\"M15.41 16.09l-4.58-4.59 4.58-4.59L14 5.5l-6 6 6 6z\\"></path></svg></span></button><button class=\\"MuiButtonBase-root MuiIconButton-root MuiIconButton-colorInherit Mui-disabled Mui-disabled\\" tabindex=\\"-1\\" type=\\"button\\" disabled=\\"\\"><span class=\\"MuiIconButton-label\\"><svg class=\\"MuiSvgIcon-root\\" focusable=\\"false\\" viewBox=\\"0 0 24 24\\" aria-hidden=\\"true\\" role=\\"presentation\\"><path d=\\"M8.59 16.34l4.58-4.59-4.58-4.59L10 5.75l6 6-6 6z\\"></path></svg></span></button></div>
    </div>
  </div>
  <form>
    <div>
      <div class=\\"MuiFormControl-root MuiTextField-root ExportFlightsForm-datePicker-151 MuiFormControl-marginNormal\\"><label class=\\"MuiFormLabel-root MuiInputLabel-root MuiInputLabel-formControl MuiInputLabel-animated MuiInputLabel-shrink MuiFormLabel-filled\\" data-shrink=\\"true\\">Startdatum</label>
        <div class=\\"MuiInputBase-root MuiInput-root MuiInput-underline MuiInputBase-formControl MuiInput-formControl MuiInputBase-adornedEnd\\"><input aria-invalid=\\"false\\" class=\\"MuiInputBase-input MuiInput-input MuiInputBase-inputAdornedEnd\\" type=\\"text\\" value=\\"01.08.2019\\">
          <div class=\\"MuiInputAdornment-root MuiInputAdornment-positionEnd\\"><button class=\\"MuiButtonBase-root MuiIconButton-root\\" tabindex=\\"0\\" type=\\"button\\"><span class=\\"MuiIconButton-label\\"><svg class=\\"MuiSvgIcon-root\\" focusable=\\"false\\" viewBox=\\"0 0 24 24\\" aria-hidden=\\"true\\" role=\\"presentation\\"><path d=\\"M17 12h-5v5h5v-5zM16 1v2H8V1H6v2H5c-1.11 0-1.99.9-1.99 2L3 19c0 1.1.89 2 2 2h14c1.1 0 2-.9 2-2V5c0-1.1-.9-2-2-2h-1V1h-2zm3 18H5V8h14v11z\\"></path><path fill=\\"none\\" d=\\"M0 0h24v24H0z\\"></path></svg></span><span class=\\"MuiTouchRipple-root\\"></span></button></div>
        </div>
      </div>
      <div class=\\"MuiFormControl-root MuiTextField-root ExportFlightsForm-datePicker-151 MuiFormControl-marginNormal\\"><label class=\\"MuiFormLabel-root MuiInputLabel-root MuiInputLabel-formControl MuiInputLabel-animated MuiInputLabel-shrink MuiFormLabel-filled\\" data-shrink=\\"true\\">Enddatum</label>
        <div class=\\"MuiInputBase-root MuiInput-root MuiInput-underline MuiInputBase-formControl MuiInput-formControl MuiInputBase-adornedEnd\\"><input aria-invalid=\\"false\\" class=\\"MuiInputBase-input MuiInput-input MuiInputBase-inputAdornedEnd\\" type=\\"text\\" value=\\"31.08.2019\\">
          <div class=\\"MuiInputAdornment-root MuiInputAdornment-positionEnd\\"><button class=\\"MuiButtonBase-root MuiIconButton-root\\" tabindex=\\"0\\" type=\\"button\\"><span class=\\"MuiIconButton-label\\"><svg class=\\"MuiSvgIcon-root\\" focusable=\\"false\\" viewBox=\\"0 0 24 24\\" aria-hidden=\\"true\\" role=\\"presentation\\"><path d=\\"M17 12h-5v5h5v-5zM16 1v2H8V1H6v2H5c-1.11 0-1.99.9-1.99 2L3 19c0 1.1.89 2 2 2h14c1.1 0 2-.9 2-2V5c0-1.1-.9-2-2-2h-1V1h-2zm3 18H5V8h14v11z\\"></path><path fill=\\"none\\" d=\\"M0 0h24v24H0z\\"></path></svg></span><span class=\\"MuiTouchRipple-root\\"></span></button></div>
        </div>
      </div>
    </div>
    <div><button class=\\"MuiButtonBase-root MuiButton-root MuiButton-contained MuiButton-containedPrimary\\" tabindex=\\"0\\" type=\\"submit\\"><span class=\\"MuiButton-label\\">Flüge exportieren</span><span class=\\"MuiTouchRipple-root\\"></span></button></div>
  </form>
  <hr class=\\"MuiDivider-root injectIntl(OrganizationSettings)-divider-100\\">
  <div class=\\"injectIntl(OrganizationSettings)-deleteButtonContainer-101\\"><button class=\\"MuiButtonBase-root MuiButton-root MuiButton-text\\" tabindex=\\"0\\" type=\\"button\\" data-cy=\\"organization-delete-button\\"><span class=\\"MuiButton-label\\"><svg class=\\"MuiSvgIcon-root\\" focusable=\\"false\\" viewBox=\\"0 0 24 24\\" aria-hidden=\\"true\\" role=\\"presentation\\"><path d=\\"M6 19c0 1.1.9 2 2 2h8c1.1 0 2-.9 2-2V7H6v12zM19 4h-3.5l-1-1h-5l-1 1H5v2h14V4z\\"></path></svg>Organisation löschen</span><span class=\\"MuiTouchRipple-root\\"></span></button></div>
</div>"
`;
