// Jest Snapshot v1, https://goo.gl/fbAQLP

exports[`components IntegerField renders correctly 1`] = `
"<div class=\\"MuiFormControl-root-1 MuiFormControl-marginNormal-2 MuiFormControl-fullWidth-4\\" cy=\\"test-field\\"><label class=\\"MuiFormLabel-root-12 MuiFormLabel-filled-16 MuiInputLabel-root-5 MuiInputLabel-formControl-6 MuiInputLabel-animated-9 MuiInputLabel-shrink-8\\" data-shrink=\\"true\\">test field</label>
  <div class=\\"MuiInputBase-root-32 MuiInput-root-19 MuiInput-underline-23 MuiInputBase-fullWidth-41 MuiInput-fullWidth-26 MuiInputBase-formControl-33 MuiInput-formControl-20\\"><input aria-invalid=\\"false\\" class=\\"MuiInputBase-input-42 MuiInput-input-27 MuiInputBase-inputType-45 MuiInput-inputType-30\\" type=\\"number\\" value=\\"3\\"></div>
</div>"
`;

exports[`components IntegerField renders disabled 1`] = `
"<div class=\\"MuiFormControl-root-1 MuiFormControl-marginNormal-2 MuiFormControl-fullWidth-4\\" cy=\\"test-field\\"><label class=\\"MuiFormLabel-root-12 MuiFormLabel-disabled-14 MuiFormLabel-filled-16 MuiInputLabel-root-5 MuiInputLabel-formControl-6 MuiInputLabel-animated-9 MuiInputLabel-shrink-8\\" data-shrink=\\"true\\">test field</label>
  <div class=\\"MuiInputBase-root-32 MuiInput-root-19 MuiInput-underline-23 MuiInputBase-disabled-35 MuiInput-disabled-22 MuiInputBase-fullWidth-41 MuiInput-fullWidth-26 MuiInputBase-formControl-33 MuiInput-formControl-20\\"><input aria-invalid=\\"false\\" class=\\"MuiInputBase-input-42 MuiInput-input-27 MuiInputBase-disabled-35 MuiInput-disabled-22 MuiInputBase-inputType-45 MuiInput-inputType-30\\" disabled=\\"\\" type=\\"number\\" value=\\"3\\"></div>
</div>"
`;

exports[`components IntegerField renders in error mode 1`] = `
"<div class=\\"MuiFormControl-root-1 MuiFormControl-marginNormal-2 MuiFormControl-fullWidth-4\\" cy=\\"test-field\\"><label class=\\"MuiFormLabel-root-12 MuiFormLabel-error-15 MuiFormLabel-filled-16 MuiInputLabel-root-5 MuiInputLabel-formControl-6 MuiInputLabel-animated-9 MuiInputLabel-shrink-8\\" data-shrink=\\"true\\">test field</label>
  <div class=\\"MuiInputBase-root-32 MuiInput-root-19 MuiInput-underline-23 MuiInputBase-error-38 MuiInput-error-24 MuiInputBase-fullWidth-41 MuiInput-fullWidth-26 MuiInputBase-formControl-33 MuiInput-formControl-20\\"><input aria-invalid=\\"true\\" class=\\"MuiInputBase-input-42 MuiInput-input-27 MuiInputBase-inputType-45 MuiInput-inputType-30\\" type=\\"number\\" value=\\"3\\"></div>
</div>"
`;
