// Jest Snapshot v1, https://goo.gl/fbAQLP

exports[`components StartPage renders correctly 1`] = `
Array [
  <div
    data-cy="username"
  >
    test@example.com
  </div>,
  <button
    onClick={[Function]}
  >
    <span>
      Abmelden
    </span>
  </button>,
]
`;
